INFO    : Building target print
INFO    : XSL conversion of /project/source/main.ptx by /root/.ptx/2.41.2/core/xsl/utilities/pretext-enhanced-source.xsl
INFO    : successful application of /root/.ptx/2.41.2/core/xsl/utilities/pretext-enhanced-source.xsl
INFO    : Generating any needed assets.
INFO    : Finished generating assets.

INFO    : Preparing to build into /project/output/print.
INFO    : discovering source file's directory name: /project/source
INFO    : verifying and expanding input directory: /project/source/../generated-assets
INFO    : input directory expanded to absolute path: /project/generated-assets
INFO    : verifying and expanding input directory: /project/source/../assets
INFO    : input directory expanded to absolute path: /project/assets
INFO    : XSL conversion of /project/source/main.ptx by /root/.ptx/2.41.2/core/xsl/utilities/report-publisher-variables.xsl
INFO    : successful application of /root/.ptx/2.41.2/core/xsl/utilities/report-publisher-variables.xsl
INFO    : converting /project/source/main.ptx to LaTeX as /ptx-b7jsdbjx/main.tex
INFO    : XSL conversion of /project/source/main.ptx by /root/.ptx/2.41.2/core/xsl/pretext-latex.xsl
INFO    : messages from the log for XSL processing:
INFO    : * PTX:INFO:   checking all deprecated elements.
ERROR   : * PTX:ERROR:   a cross-reference ("xref") uses references [problem-distributivity-of-set-operations] that do not point to any target, or perhaps point to multiple targets.  Maybe you typed an @xml:id value wrong, maybe the target of the @xml:id is nonexistent, or maybe you temporarily removed the target from your source, or maybe an auxiliary file contains a duplicate.  Your output will contain some placeholder text that you will not want to distribute to your readers.
INFO    : *              located at: pretext/book/part/chapter/section/subsection/theorem/statement/p/ol/li/p/xref
INFO    : *              located within: "theorem-analogous-properties-of-indexed-intersections-and-unions" (xml:id), "
      Analogous properties of indexed intersections and unions
    " (title)
ERROR   : * PTX:ERROR:   a cross-reference ("xref") uses references [problem-de-morgans-laws] that do not point to any target, or perhaps point to multiple targets.  Maybe you typed an @xml:id value wrong, maybe the target of the @xml:id is nonexistent, or maybe you temporarily removed the target from your source, or maybe an auxiliary file contains a duplicate.  Your output will contain some placeholder text that you will not want to distribute to your readers.
INFO    : successful application of /root/.ptx/2.41.2/core/xsl/pretext-latex.xsl
INFO    : Rerunning LaTeX for main.tex (pass 2)
INFO    : Rerunning LaTeX for main.tex (pass 3)
INFO    : Removing temporary directory /ptx-b7jsdbjx
INFO    : Removing temporary directory /ptx-ervaf8v_
INFO    : Removing temporary directory /ptx-53gwsfl_
INFO    : 
Finished build for target print. The output is in /project/output/print.

CRITICAL: There were errors during the build.  See above.
INFO    : ------------------------
CRITICAL: Failed to build without errors.  Exiting...
INFO    : 
----------------------------------------------------
INFO    : While running pretext, the following errors occurred:

INFO    : (see log messages above or in the 'logs' folder for more information)
INFO    : ----------------------------------------------------
