INFO    : Building target print
INFO    : XSL conversion of /project/source/main.ptx by /root/.ptx/2.41.2/core/xsl/utilities/pretext-enhanced-source.xsl
INFO    : successful application of /root/.ptx/2.41.2/core/xsl/utilities/pretext-enhanced-source.xsl
INFO    : Generating any needed assets.
INFO    : Finished generating assets.

INFO    : Preparing to build into /project/output/print.
INFO    : discovering source file's directory name: /project/source
INFO    : verifying and expanding input directory: /project/source/../generated-assets
INFO    : input directory expanded to absolute path: /project/generated-assets
INFO    : verifying and expanding input directory: /project/source/../assets
INFO    : input directory expanded to absolute path: /project/assets
INFO    : XSL conversion of /project/source/main.ptx by /root/.ptx/2.41.2/core/xsl/utilities/report-publisher-variables.xsl
INFO    : successful application of /root/.ptx/2.41.2/core/xsl/utilities/report-publisher-variables.xsl
INFO    : converting /project/source/main.ptx to LaTeX as /ptx-r4hmsrze/main.tex
INFO    : XSL conversion of /project/source/main.ptx by /root/.ptx/2.41.2/core/xsl/pretext-latex.xsl
INFO    : messages from the log for XSL processing:
ERROR   : * PTX:ERROR: the @xml:id value "exercise-elements-of-sets" should be unique, but is authored multiple times.
INFO    : *            Results will be unpredictable, and likely incorrect.  Information on the locations follows:
INFO    : *              located at: pretext/book/part/chapter/section/exercises/exercisegroup
INFO    : *              located within: "exercise-elements-of-sets" (xml:id), "
    Elements of sets
  " (title)
INFO    : * PTX:INFO:   checking all deprecated elements.
INFO    : successful application of /root/.ptx/2.41.2/core/xsl/pretext-latex.xsl
INFO    : Rerunning LaTeX for main.tex (pass 2)
INFO    : Rerunning LaTeX for main.tex (pass 3)
INFO    : Removing temporary directory /ptx-r4hmsrze
INFO    : Removing temporary directory /ptx-h662cbws
INFO    : Removing temporary directory /ptx-r90tj80d
INFO    : 
Finished build for target print. The output is in /project/output/print.

CRITICAL: There were errors during the build.  See above.
INFO    : ------------------------
CRITICAL: Failed to build without errors.  Exiting...
INFO    : 
----------------------------------------------------
INFO    : While running pretext, the following errors occurred:

INFO    : (see log messages above or in the 'logs' folder for more information)
INFO    : ----------------------------------------------------
